// Jest Snapshot v1, https://goo.gl/fbAQLP

exports[`epub loadEpub should be able to load 1`] = `
Object {
  "author": Array [
    "Arthur Conan Doyle",
  ],
  "coverPath": "@public@vhost@g@gutenberg@html@files@2097@2097-h@images@cover.jpg",
  "date": 2000-03-01T00:00:00.000Z,
  "isbn": undefined,
  "title": Array [
    "The Sign of the Four",
  ],
}
`;
